// Jest Snapshot v1, https://goo.gl/fbAQLP

exports[`should render Header correctly 1`] = `
<div>
  404!!!!!!!!!!!!!!!!!!!! - 
  <[object Object]
    to="/"
  >
    Go to homepage
  </[object Object]>
</div>
`;
